Creating test database for alias 'default'...

.E..E
======================================================================
ERROR: test_biblio_detail_view_success (catalog.tests.test_views.BookViewsTest.test_biblio_detail_view_success)
ログイン時に詳細画面が正常に表示され、関連データが含まれているか
----------------------------------------------------------------------
Traceback (most recent call last):
  File "c:\Users\【訓練生PC】GuestUser\Desktop\クリエイティブ学習＿長谷川\ポートフォリオ作成_長谷川\.venv\Lib\site-packages\django\template\smartif.py", line 181, in translate_token
    op = OPERATORS[token]
         ~~~~~~~~~^^^^^^^
KeyError: 'biblio|is_favorited_by:user'

During handling of the above exception, another exception occurred:

Traceback (most recent call last):
  File "C:\Users\【訓練生PC】GuestUser\Desktop\クリエイティブ学習＿長谷川\ポートフォリオ作成_長谷川\library\catalog\tests\test_views.py", line 40, in test_biblio_detail_view_success
    response = self.client.get(reverse('catalog:bookdetail', kwargs={'pk': self.biblio.pk}))
  File "c:\Users\【訓練生PC】GuestUser\Desktop\クリエイティブ学習＿長谷川\ポートフォリオ作成_長谷川\.venv\Lib\site-packages\django\test\client.py", line 1127, in get
    response = super().get(
        path,
    ...<4 lines>...
        **extra,
    )
  File "c:\Users\【訓練生PC】GuestUser\Desktop\クリエイティブ学習＿長谷川\ポートフォリオ作成_長谷川\.venv\Lib\site-packages\django\test\client.py", line 475, in get
    return self.generic(
           ~~~~~~~~~~~~^
        "GET",
        ^^^^^^
    ...<4 lines>...
        **extra,
        ^^^^^^^^
    )
    ^
  File "c:\Users\【訓練生PC】GuestUser\Desktop\クリエイティブ学習＿長谷川\ポートフォリオ作成_長谷川\.venv\Lib\site-packages\django\test\client.py", line 671, in generic
    return self.request(**r)
           ~~~~~~~~~~~~^^^^^
  File "c:\Users\【訓練生PC】GuestUser\Desktop\クリエイティブ学習＿長谷川\ポートフォリオ作成_長谷川\.venv\Lib\site-packages\django\test\client.py", line 1090, in request
    self.check_exception(response)
    ~~~~~~~~~~~~~~~~~~~~^^^^^^^^^^
  File "c:\Users\【訓練生PC】GuestUser\Desktop\クリエイティブ学習＿長谷川\ポートフォリオ作成_長谷川\.venv\Lib\site-packages\django\test\client.py", line 805, in check_exception
    raise exc_value
  File "c:\Users\【訓練生PC】GuestUser\Desktop\クリエイティブ学習＿長谷川\ポートフォリオ作成_長谷川\.venv\Lib\site-packages\django\core\handlers\exception.py", line 55, in inner
    response = get_response(request)
  File "c:\Users\【訓練生PC】GuestUser\Desktop\クリエイティブ学習＿長谷川\ポートフォリオ作成_長谷川\.venv\Lib\site-packages\django\core\handlers\base.py", line 221, in _get_response
    response = response.render()
  File "c:\Users\【訓練生PC】GuestUser\Desktop\クリエイティブ学習＿長谷川\ポートフォリオ作成_長谷川\.venv\Lib\site-packages\django\template\response.py", line 114, in render
    self.content = self.rendered_content
                   ^^^^^^^^^^^^^^^^^^^^^
  File "c:\Users\【訓練生PC】GuestUser\Desktop\クリエイティブ学習＿長谷川\ポートフォリオ作成_長谷川\.venv\Lib\site-packages\django\template\response.py", line 90, in rendered_content
    template = self.resolve_template(self.template_name)
  File "c:\Users\【訓練生PC】GuestUser\Desktop\クリエイティブ学習＿長谷川\ポートフォリオ作成_長谷川\.venv\Lib\site-packages\django\template\response.py", line 72, in resolve_template
    return select_template(template, using=self.using)
  File "c:\Users\【訓練生PC】GuestUser\Desktop\クリエイティブ学習＿長谷川\ポートフォリオ作成_長谷川\.venv\Lib\site-packages\django\template\loader.py", line 42, in select_template
    return engine.get_template(template_name)
           ~~~~~~~~~~~~~~~~~~~^^^^^^^^^^^^^^^
  File "c:\Users\【訓練生PC】GuestUser\Desktop\クリエイティブ学習＿長谷川\ポートフォリオ作成_長谷川\.venv\Lib\site-packages\django\template\backends\django.py", line 79, in get_template
    return Template(self.engine.get_template(template_name), self)
                    ~~~~~~~~~~~~~~~~~~~~~~~~^^^^^^^^^^^^^^^
  File "c:\Users\【訓練生PC】GuestUser\Desktop\クリエイティブ学習＿長谷川\ポートフォリオ作成_長谷川\.venv\Lib\site-packages\django\template\engine.py", line 186, in get_template
    template, origin = self.find_template(template_name)
                       ~~~~~~~~~~~~~~~~~~^^^^^^^^^^^^^^^
  File "c:\Users\【訓練生PC】GuestUser\Desktop\クリエイティブ学習＿長谷川\ポートフォリオ作成_長谷川\.venv\Lib\site-packages\django\template\engine.py", line 159, in find_template
    template = loader.get_template(name, skip=skip)
  File "c:\Users\【訓練生PC】GuestUser\Desktop\クリエイティブ学習＿長谷川\ポートフォリオ作成_長谷川\.venv\Lib\site-packages\django\template\loaders\cached.py", line 57, in get_template
    template = super().get_template(template_name, skip)
  File "c:\Users\【訓練生PC】GuestUser\Desktop\クリエイティブ学習＿長谷川\ポートフォリオ作成_長谷川\.venv\Lib\site-packages\django\template\loaders\base.py", line 28, in get_template
    return Template(
        contents,
    ...<2 lines>...
        self.engine,
    )
  File "c:\Users\【訓練生PC】GuestUser\Desktop\クリエイティブ学習＿長谷川\ポートフォリオ作成_長谷川\.venv\Lib\site-packages\django\template\base.py", line 157, in __init__
    self.nodelist = self.compile_nodelist()
                    ~~~~~~~~~~~~~~~~~~~~~^^
  File "c:\Users\【訓練生PC】GuestUser\Desktop\クリエイティブ学習＿長谷川\ポートフォリオ作成_長谷川\.venv\Lib\site-packages\django\template\base.py", line 199, in compile_nodelist
    nodelist = parser.parse()
  File "c:\Users\【訓練生PC】GuestUser\Desktop\クリエイティブ学習＿長谷川\ポートフォリオ作成_長谷川\.venv\Lib\site-packages\django\template\base.py", line 585, in parse
    raise self.error(token, e)
  File "c:\Users\【訓練生PC】GuestUser\Desktop\クリエイティブ学習＿長谷川\ポートフォリオ作成_長谷川\.venv\Lib\site-packages\django\template\base.py", line 583, in parse
    compiled_result = compile_func(self, token)
  File "c:\Users\【訓練生PC】GuestUser\Desktop\クリエイティブ学習＿長谷川\ポートフォリオ作成_長谷川\.venv\Lib\site-packages\django\template\loader_tags.py", line 307, in do_extends
    nodelist = parser.parse()
  File "c:\Users\【訓練生PC】GuestUser\Desktop\クリエイティブ学習＿長谷川\ポートフォリオ作成_長谷川\.venv\Lib\site-packages\django\template\base.py", line 585, in parse
    raise self.error(token, e)
  File "c:\Users\【訓練生PC】GuestUser\Desktop\クリエイティブ学習＿長谷川\ポートフォリオ作成_長谷川\.venv\Lib\site-packages\django\template\base.py", line 583, in parse
    compiled_result = compile_func(self, token)
  File "c:\Users\【訓練生PC】GuestUser\Desktop\クリエイティブ学習＿長谷川\ポートフォリオ作成_長谷川\.venv\Lib\site-packages\django\template\loader_tags.py", line 235, in do_block
    nodelist = parser.parse(("endblock",))
  File "c:\Users\【訓練生PC】GuestUser\Desktop\クリエイティブ学習＿長谷川\ポートフォリオ作成_長谷川\.venv\Lib\site-packages\django\template\base.py", line 585, in parse
    raise self.error(token, e)
  File "c:\Users\【訓練生PC】GuestUser\Desktop\クリエイティブ学習＿長谷川\ポートフォリオ作成_長谷川\.venv\Lib\site-packages\django\template\base.py", line 583, in parse
    compiled_result = compile_func(self, token)
  File "c:\Users\【訓練生PC】GuestUser\Desktop\クリエイティブ学習＿長谷川\ポートフォリオ作成_長谷川\.venv\Lib\site-packages\django\template\defaulttags.py", line 994, in do_if
    nodelist = parser.parse(("elif", "else", "endif"))
  File "c:\Users\【訓練生PC】GuestUser\Desktop\クリエイティブ学習＿長谷川\ポートフォリオ作成_長谷川\.venv\Lib\site-packages\django\template\base.py", line 585, in parse
    raise self.error(token, e)
  File "c:\Users\【訓練生PC】GuestUser\Desktop\クリエイティブ学習＿長谷川\ポートフォリオ作成_長谷川\.venv\Lib\site-packages\django\template\base.py", line 583, in parse
    compiled_result = compile_func(self, token)
  File "c:\Users\【訓練生PC】GuestUser\Desktop\クリエイティブ学習＿長谷川\ポートフォリオ作成_長谷川\.venv\Lib\site-packages\django\template\defaulttags.py", line 993, in do_if
    condition = TemplateIfParser(parser, bits).parse()
                ~~~~~~~~~~~~~~~~^^^^^^^^^^^^^^
  File "c:\Users\【訓練生PC】GuestUser\Desktop\クリエイティブ学習＿長谷川\ポートフォリオ作成_長谷川\.venv\Lib\site-packages\django\template\defaulttags.py", line 926, in __init__
    super().__init__(*args, **kwargs)
    ~~~~~~~~~~~~~~~~^^^^^^^^^^^^^^^^^
  File "c:\Users\【訓練生PC】GuestUser\Desktop\クリエイティブ学習＿長谷川\ポートフォリオ作成_長谷川\.venv\Lib\site-packages\django\template\smartif.py", line 172, in __init__
    mapped_tokens.append(self.translate_token(token))
                         ~~~~~~~~~~~~~~~~~~~~^^^^^^^
  File "c:\Users\【訓練生PC】GuestUser\Desktop\クリエイティブ学習＿長谷川\ポートフォリオ作成_長谷川\.venv\Lib\site-packages\django\template\smartif.py", line 183, in translate_token
    return self.create_var(token)
           ~~~~~~~~~~~~~~~^^^^^^^
  File "c:\Users\【訓練生PC】GuestUser\Desktop\クリエイティブ学習＿長谷川\ポートフォリオ作成_長谷川\.venv\Lib\site-packages\django\template\defaulttags.py", line 929, in create_var
    return TemplateLiteral(self.template_parser.compile_filter(value), value)
                           ~~~~~~~~~~~~~~~~~~~~~~~~~~~~~~~~~~~^^^^^^^
  File "c:\Users\【訓練生PC】GuestUser\Desktop\クリエイティブ学習＿長谷川\ポートフォリオ作成_長谷川\.venv\Lib\site-packages\django\template\base.py", line 676, in compile_filter
    return FilterExpression(token, self)
  File "c:\Users\【訓練生PC】GuestUser\Desktop\クリエイティブ学習＿長谷川\ポートフォリオ作成_長谷川\.venv\Lib\site-packages\django\template\base.py", line 771, in __init__
    filter_func = parser.find_filter(filter_name)
  File "c:\Users\【訓練生PC】GuestUser\Desktop\クリエイティブ学習＿長谷川\ポートフォリオ作成_長谷川\.venv\Lib\site-packages\django\template\base.py", line 682, in find_filter
    raise TemplateSyntaxError("Invalid filter: '%s'" % filter_name)
django.template.exceptions.TemplateSyntaxError: Template: C:\Users\【訓練生PC】GuestUser\Desktop\クリエイティブ学習＿長谷川\ポートフォリオ作成_長谷川\library\templates\catalog\book_detail.html, Invalid filter: 'is_favorited_by'

======================================================================
ERROR: test_lib_status_context_provided (catalog.tests.test_views.BookViewsTest.test_lib_status_context_provided)
ログイン時、一覧および詳細ビューにユーザー状態（お気に入り等）が注入されているか
----------------------------------------------------------------------
Traceback (most recent call last):
  File "c:\Users\【訓練生PC】GuestUser\Desktop\クリエイティブ学習＿長谷川\ポートフォリオ作成_長谷川\.venv\Lib\site-packages\django\template\smartif.py", line 181, in translate_token
    op = OPERATORS[token]
         ~~~~~~~~~^^^^^^^
KeyError: 'biblio|is_favorited_by:user'

During handling of the above exception, another exception occurred:

Traceback (most recent call last):
  File "C:\Users\【訓練生PC】GuestUser\Desktop\クリエイティブ学習＿長谷川\ポートフォリオ作成_長谷川\library\catalog\tests\test_views.py", line 69, in test_lib_status_context_provided
    detail_res = self.client.get(reverse('catalog:bookdetail', kwargs={'pk': self.biblio.pk}))
  File "c:\Users\【訓練生PC】GuestUser\Desktop\クリエイティブ学習＿長谷川\ポートフォリオ作成_長谷川\.venv\Lib\site-packages\django\test\client.py", line 1127, in get
    response = super().get(
        path,
    ...<4 lines>...
        **extra,
    )
  File "c:\Users\【訓練生PC】GuestUser\Desktop\クリエイティブ学習＿長谷川\ポートフォリオ作成_長谷川\.venv\Lib\site-packages\django\test\client.py", line 475, in get
    return self.generic(
           ~~~~~~~~~~~~^
        "GET",
        ^^^^^^
    ...<4 lines>...
        **extra,
        ^^^^^^^^
    )
    ^
  File "c:\Users\【訓練生PC】GuestUser\Desktop\クリエイティブ学習＿長谷川\ポートフォリオ作成_長谷川\.venv\Lib\site-packages\django\test\client.py", line 671, in generic
    return self.request(**r)
           ~~~~~~~~~~~~^^^^^
  File "c:\Users\【訓練生PC】GuestUser\Desktop\クリエイティブ学習＿長谷川\ポートフォリオ作成_長谷川\.venv\Lib\site-packages\django\test\client.py", line 1090, in request
    self.check_exception(response)
    ~~~~~~~~~~~~~~~~~~~~^^^^^^^^^^
  File "c:\Users\【訓練生PC】GuestUser\Desktop\クリエイティブ学習＿長谷川\ポートフォリオ作成_長谷川\.venv\Lib\site-packages\django\test\client.py", line 805, in check_exception
    raise exc_value
  File "c:\Users\【訓練生PC】GuestUser\Desktop\クリエイティブ学習＿長谷川\ポートフォリオ作成_長谷川\.venv\Lib\site-packages\django\core\handlers\exception.py", line 55, in inner
    response = get_response(request)
  File "c:\Users\【訓練生PC】GuestUser\Desktop\クリエイティブ学習＿長谷川\ポートフォリオ作成_長谷川\.venv\Lib\site-packages\django\core\handlers\base.py", line 221, in _get_response
    response = response.render()
  File "c:\Users\【訓練生PC】GuestUser\Desktop\クリエイティブ学習＿長谷川\ポートフォリオ作成_長谷川\.venv\Lib\site-packages\django\template\response.py", line 114, in render
    self.content = self.rendered_content
                   ^^^^^^^^^^^^^^^^^^^^^
  File "c:\Users\【訓練生PC】GuestUser\Desktop\クリエイティブ学習＿長谷川\ポートフォリオ作成_長谷川\.venv\Lib\site-packages\django\template\response.py", line 90, in rendered_content
    template = self.resolve_template(self.template_name)
  File "c:\Users\【訓練生PC】GuestUser\Desktop\クリエイティブ学習＿長谷川\ポートフォリオ作成_長谷川\.venv\Lib\site-packages\django\template\response.py", line 72, in resolve_template
    return select_template(template, using=self.using)
  File "c:\Users\【訓練生PC】GuestUser\Desktop\クリエイティブ学習＿長谷川\ポートフォリオ作成_長谷川\.venv\Lib\site-packages\django\template\loader.py", line 42, in select_template
    return engine.get_template(template_name)
           ~~~~~~~~~~~~~~~~~~~^^^^^^^^^^^^^^^
  File "c:\Users\【訓練生PC】GuestUser\Desktop\クリエイティブ学習＿長谷川\ポートフォリオ作成_長谷川\.venv\Lib\site-packages\django\template\backends\django.py", line 79, in get_template
    return Template(self.engine.get_template(template_name), self)
                    ~~~~~~~~~~~~~~~~~~~~~~~~^^^^^^^^^^^^^^^
  File "c:\Users\【訓練生PC】GuestUser\Desktop\クリエイティブ学習＿長谷川\ポートフォリオ作成_長谷川\.venv\Lib\site-packages\django\template\engine.py", line 186, in get_template
    template, origin = self.find_template(template_name)
                       ~~~~~~~~~~~~~~~~~~^^^^^^^^^^^^^^^
  File "c:\Users\【訓練生PC】GuestUser\Desktop\クリエイティブ学習＿長谷川\ポートフォリオ作成_長谷川\.venv\Lib\site-packages\django\template\engine.py", line 159, in find_template
    template = loader.get_template(name, skip=skip)
  File "c:\Users\【訓練生PC】GuestUser\Desktop\クリエイティブ学習＿長谷川\ポートフォリオ作成_長谷川\.venv\Lib\site-packages\django\template\loaders\cached.py", line 57, in get_template
    template = super().get_template(template_name, skip)
  File "c:\Users\【訓練生PC】GuestUser\Desktop\クリエイティブ学習＿長谷川\ポートフォリオ作成_長谷川\.venv\Lib\site-packages\django\template\loaders\base.py", line 28, in get_template
    return Template(
        contents,
    ...<2 lines>...
        self.engine,
    )
  File "c:\Users\【訓練生PC】GuestUser\Desktop\クリエイティブ学習＿長谷川\ポートフォリオ作成_長谷川\.venv\Lib\site-packages\django\template\base.py", line 157, in __init__
    self.nodelist = self.compile_nodelist()
                    ~~~~~~~~~~~~~~~~~~~~~^^
  File "c:\Users\【訓練生PC】GuestUser\Desktop\クリエイティブ学習＿長谷川\ポートフォリオ作成_長谷川\.venv\Lib\site-packages\django\template\base.py", line 199, in compile_nodelist
    nodelist = parser.parse()
  File "c:\Users\【訓練生PC】GuestUser\Desktop\クリエイティブ学習＿長谷川\ポートフォリオ作成_長谷川\.venv\Lib\site-packages\django\template\base.py", line 585, in parse
    raise self.error(token, e)
  File "c:\Users\【訓練生PC】GuestUser\Desktop\クリエイティブ学習＿長谷川\ポートフォリオ作成_長谷川\.venv\Lib\site-packages\django\template\base.py", line 583, in parse
    compiled_result = compile_func(self, token)
  File "c:\Users\【訓練生PC】GuestUser\Desktop\クリエイティブ学習＿長谷川\ポートフォリオ作成_長谷川\.venv\Lib\site-packages\django\template\loader_tags.py", line 307, in do_extends
    nodelist = parser.parse()
  File "c:\Users\【訓練生PC】GuestUser\Desktop\クリエイティブ学習＿長谷川\ポートフォリオ作成_長谷川\.venv\Lib\site-packages\django\template\base.py", line 585, in parse
    raise self.error(token, e)
  File "c:\Users\【訓練生PC】GuestUser\Desktop\クリエイティブ学習＿長谷川\ポートフォリオ作成_長谷川\.venv\Lib\site-packages\django\template\base.py", line 583, in parse
    compiled_result = compile_func(self, token)
  File "c:\Users\【訓練生PC】GuestUser\Desktop\クリエイティブ学習＿長谷川\ポートフォリオ作成_長谷川\.venv\Lib\site-packages\django\template\loader_tags.py", line 235, in do_block
    nodelist = parser.parse(("endblock",))
  File "c:\Users\【訓練生PC】GuestUser\Desktop\クリエイティブ学習＿長谷川\ポートフォリオ作成_長谷川\.venv\Lib\site-packages\django\template\base.py", line 585, in parse
    raise self.error(token, e)
  File "c:\Users\【訓練生PC】GuestUser\Desktop\クリエイティブ学習＿長谷川\ポートフォリオ作成_長谷川\.venv\Lib\site-packages\django\template\base.py", line 583, in parse
    compiled_result = compile_func(self, token)
  File "c:\Users\【訓練生PC】GuestUser\Desktop\クリエイティブ学習＿長谷川\ポートフォリオ作成_長谷川\.venv\Lib\site-packages\django\template\defaulttags.py", line 994, in do_if
    nodelist = parser.parse(("elif", "else", "endif"))
  File "c:\Users\【訓練生PC】GuestUser\Desktop\クリエイティブ学習＿長谷川\ポートフォリオ作成_長谷川\.venv\Lib\site-packages\django\template\base.py", line 585, in parse
    raise self.error(token, e)
  File "c:\Users\【訓練生PC】GuestUser\Desktop\クリエイティブ学習＿長谷川\ポートフォリオ作成_長谷川\.venv\Lib\site-packages\django\template\base.py", line 583, in parse
    compiled_result = compile_func(self, token)
  File "c:\Users\【訓練生PC】GuestUser\Desktop\クリエイティブ学習＿長谷川\ポートフォリオ作成_長谷川\.venv\Lib\site-packages\django\template\defaulttags.py", line 993, in do_if
    condition = TemplateIfParser(parser, bits).parse()
                ~~~~~~~~~~~~~~~~^^^^^^^^^^^^^^
  File "c:\Users\【訓練生PC】GuestUser\Desktop\クリエイティブ学習＿長谷川\ポートフォリオ作成_長谷川\.venv\Lib\site-packages\django\template\defaulttags.py", line 926, in __init__
    super().__init__(*args, **kwargs)
    ~~~~~~~~~~~~~~~~^^^^^^^^^^^^^^^^^
  File "c:\Users\【訓練生PC】GuestUser\Desktop\クリエイティブ学習＿長谷川\ポートフォリオ作成_長谷川\.venv\Lib\site-packages\django\template\smartif.py", line 172, in __init__
    mapped_tokens.append(self.translate_token(token))
                         ~~~~~~~~~~~~~~~~~~~~^^^^^^^
  File "c:\Users\【訓練生PC】GuestUser\Desktop\クリエイティブ学習＿長谷川\ポートフォリオ作成_長谷川\.venv\Lib\site-packages\django\template\smartif.py", line 183, in translate_token
    return self.create_var(token)
           ~~~~~~~~~~~~~~~^^^^^^^
  File "c:\Users\【訓練生PC】GuestUser\Desktop\クリエイティブ学習＿長谷川\ポートフォリオ作成_長谷川\.venv\Lib\site-packages\django\template\defaulttags.py", line 929, in create_var
    return TemplateLiteral(self.template_parser.compile_filter(value), value)
                           ~~~~~~~~~~~~~~~~~~~~~~~~~~~~~~~~~~~^^^^^^^
  File "c:\Users\【訓練生PC】GuestUser\Desktop\クリエイティブ学習＿長谷川\ポートフォリオ作成_長谷川\.venv\Lib\site-packages\django\template\base.py", line 676, in compile_filter
    return FilterExpression(token, self)
  File "c:\Users\【訓練生PC】GuestUser\Desktop\クリエイティブ学習＿長谷川\ポートフォリオ作成_長谷川\.venv\Lib\site-packages\django\template\base.py", line 771, in __init__
    filter_func = parser.find_filter(filter_name)
  File "c:\Users\【訓練生PC】GuestUser\Desktop\クリエイティブ学習＿長谷川\ポートフォリオ作成_長谷川\.venv\Lib\site-packages\django\template\base.py", line 682, in find_filter
    raise TemplateSyntaxError("Invalid filter: '%s'" % filter_name)
django.template.exceptions.TemplateSyntaxError: Template: C:\Users\【訓練生PC】GuestUser\Desktop\クリエイティブ学習＿長谷川\ポートフォリオ作成_長谷川\library\templates\catalog\book_detail.html, Invalid filter: 'is_favorited_by'

----------------------------------------------------------------------
Ran 5 tests in 3.356s

FAILED (errors=2)
Destroying test database for alias 'default'...

Found 5 test(s).
System check identified no issues (0 silenced).
